­ƒº¬ ===== TESTES DO DOCUMENT CLASSIFIER =====

­ƒôï Testando: Edital de Preg├úo Eletr├┤nico
   Ô£à PASSOU
      Tipo: nucleo_certame (esperado: nucleo_certame)
      Confidence: 100% (m├¡nimo: 80%)
      Matched: 7 patterns

­ƒôï Testando: Dispensa Eletr├┤nica
   ÔØî FALHOU
      Tipo: outros (esperado: nucleo_certame) - Ô£ù
      Confidence: 85% (m├¡nimo: 70%) - Ô£ô

­ƒôï Testando: Termo de Refer├¬ncia
   Ô£à PASSOU
      Tipo: tr (esperado: tr)
      Confidence: 100% (m├¡nimo: 80%)
      Matched: 6 patterns

­ƒôï Testando: Minuta de Contrato
   Ô£à PASSOU
      Tipo: minuta (esperado: minuta)
      Confidence: 85% (m├¡nimo: 85%)
      Matched: 10 patterns

­ƒôï Testando: DFD - Documento de Formaliza├º├úo da Demanda
   Ô£à PASSOU
      Tipo: planejamento_interno (esperado: planejamento_interno)
      Confidence: 85% (m├¡nimo: 85%)
      Matched: 5 patterns

­ƒôï Testando: Pesquisa de Pre├ºos
   Ô£à PASSOU
      Tipo: formacao_de_precos (esperado: formacao_de_precos)
      Confidence: 100% (m├¡nimo: 85%)
      Matched: 6 patterns

­ƒôï Testando: Planilha Excel
   ÔØî FALHOU
      Tipo: planilha (esperado: planilha) - Ô£ô
      Confidence: 85% (m├¡nimo: 90%) - Ô£ù

­ƒôï Testando: Esclarecimento
   Ô£à PASSOU
      Tipo: esclarecimentos_retificacoes (esperado: esclarecimentos_retificacoes)
      Confidence: 85% (m├¡nimo: 85%)
      Matched: 4 patterns

­ƒôï Testando: Ata de Sess├úo P├║blica
   Ô£à PASSOU
      Tipo: fase_competitiva (esperado: fase_competitiva)
      Confidence: 85% (m├¡nimo: 85%)
      Matched: 6 patterns

­ƒôï Testando: Homologa├º├úo e Adjudica├º├úo
   Ô£à PASSOU
      Tipo: pos_julgamento_execucao (esperado: pos_julgamento_execucao)
      Confidence: 85% (m├¡nimo: 85%)
      Matched: 5 patterns

­ƒôï Testando: Cat├ílogo T├®cnico
   Ô£à PASSOU
      Tipo: anexos_tecnicos (esperado: anexos_tecnicos)
      Confidence: 85% (m├¡nimo: 80%)
      Matched: 5 patterns

­ƒôï Testando: Atestado de Capacidade T├®cnica
   Ô£à PASSOU
      Tipo: documentos_fornecedor_externos (esperado: documentos_fornecedor_externos)
      Confidence: 85% (m├¡nimo: 75%)
      Matched: 2 patterns
      ­ƒöù External Doc

­ƒôï Testando: Documento Gen├®rico
   Ô£à PASSOU
      Tipo: outros (esperado: outros)
      Confidence: 85% (m├¡nimo: 0%)
      Matched: 1 patterns

­ƒôè ===== SUM├üRIO DOS TESTES =====

Total de testes: 13
Ô£à Passaram: 11 (85%)
ÔØî Falharam: 2 (15%)

ÔÜá´©Å Alguns testes falharam. Revisar implementa├º├úo.

­ƒôï ===== MATCHED PATTERNS (Amostra) =====

Edital de Preg├úo Eletr├┤nico:
   - \binstrumento convocat[o├│]rio\b... (peso: 6)
   - \bcondi[c├º][o├Á]es gerais\b... (peso: 2)
   - \bobjeto\b... (peso: 1)

Termo de Refer├¬ncia:
   - \btermo de refer[e├¬]ncia\b... (peso: 8)
   - \bespecifica[c├º][o├Á]es t[e├®]cnicas\b... (peso: 3)
   - \brequisitos t[e├®]cnicos\b... (peso: 3)

Minuta de Contrato:
   - \bminuta\b... (peso: 6)
   - \bminuta de contrato\b... (peso: 8)
   - \bcontrato administrativo\b... (peso: 6)

DFD - Documento de Formaliza├º├úo da Demanda:
   - \bdfd\b|\bdocumento de formaliza[c├º][a├ú]... (peso: 9)
   - \bestudo t[e├®]cnico preliminar\b|\betp\b... (peso: 7)
   - \bmapa de riscos\b... (peso: 6)

